// Jest Snapshot v1, https://goo.gl/fbAQLP

exports[`Login Page should render properly 1`] = `
<div
  className="box-layout"
>
  <div
    className="box-layout__box"
  >
    <h1
      className="box-layout__title"
    >
      Expensify
    </h1>
    <p>
      A new way to have your expenses under control
    </p>
    <button
      className="button"
      onClick={[Function]}
    >
      Login in with Google
    </button>
  </div>
</div>
`;
