// Jest Snapshot v1, https://goo.gl/fbAQLP

exports[`should show not found 404 error page 1`] = `
<div>
  404! - 
  <NavLink
    activeClassName="active"
    ariaCurrent="true"
    to="/"
  >
    Go Home
  </NavLink>
</div>
`;
